---
source: tui/tests/editor_insert.rs
expression: text
snapshot_kind: text
---
 Note 'Sample Note' insert mode                                                                   [Ctrl+h] Show keymap 
[Browser]                                   ▐ 󱇗 Sample Note                                                             
 󰝰 Notes                                    ▐ 1 HelloHi :D                                                              
   󱇗 Sample Note                            ▐                                                                           
                                            ▐                                                                           
                                            ▐                                                                           
                                            ▐                                                                           
                                            ▐                                                                           
                                            ▐                                                                           
                                            ▐                                                                           
                                            ▐                                                                           
                                            ▐                                                                           
                                            ▐                                                                           
                                            ▐                                                                           
                                            ▐                                                                           
                                            ▐                                                                           
                                            ▐                                                                           
                                            ▐                                                                           
                                            ▐                                                                           
                                            ▐                                                                           
                                            ▐                                                                           
                                            ▐                                                                           
                                            ▐                                                                           
                                            ▐                                                                           
                                            ▐                                                                           
                                            ▐                                                                           
                                            ▐                                                                           
                                            ▐                                                                           
                                            ▐                                                                           
                                            ▐                                                                           
                                            ▐                                                                           
                                            ▐                                                                           
                                            ▐                                                                           
                                            ▐                                                                           
                                            ▐                                                                           
                                            ▐                                                                           
                                            ▐                                                                           
                                            ▐                                                                           
                                            ▐                                                                           
                                            ▐ INSERT   󰝰 Notes  󱇗 Sample Note 
