---
source: tui/tests/entry.rs
assertion_line: 77
expression: text
snapshot_kind: text
---
 Glues - TUI note-taking app offering complete data control and flexible storage options               [?] Show keymap 
                                                                                                                        
                                                                                                                        
                                                                                                                        
                                                                                                                        
                                                                                                                        
                                                                                                                        
                                                                                                                        
                                                                                                                        
                                                                                                                        
                                           ████   ███                                                                   
                                          ██  ██   ██                                                                   
                                         ██        ██    ██  ██   ████    █████                                         
                                         ██        ██    ██  ██  ██  ██  ██                                             
                              ┌──────────────────────────Prompt───────────────────────────┐                             
                              │                                                           │                             
                              │  Enter the proxy server URL:                              │                             
                              │  e.g. http://127.0.0.1:4000                               │                             
                              │  ┌─────────────────────────────────────────────────────┐  │                             
                              │  │                                                     │  │                             
                              │  └─────────────────────────────────────────────────────┘  │                             
                              │                                                           │                             
                              │  [Enter] Submit                                           │                             
                              │  [Esc] Cancel                                             │                             
                              │                                                           │                             
                              └───────────────────────────────────────────────────────────┘                             
                                         │   [h] Help                         │                                         
                                         │   [t] Theme                        │                                         
                                         │   [q] Quit                         │                                         
                                         │                                    │                                         
                                         └────────────────────────────────────┘
