---
source: tui/tests/entry.rs
expression: text
snapshot_kind: text
---
 Directory 'Notes' selected                                                                            [?] Show keymap 
[Browser]                                   ▐[Editor]                                                                   
 󰝰 Notes                                    ▐ 1 Welcome to Glues :D                                                     
   󱇗 Sample Note                            ▐                                                                           
                                            ▐                                                                           
                                            ▐                                                                           
                                            ▐                                                                           
                                            ▐                                                                           
                                            ▐                                                                           
                                            ▐                                                                           
                                            ▐                                                                           
                                            ▐                                                                           
                                            ▐                                                                           
                                            ▐                                                                           
                                            ▐                                                                           
                                            ▐                                                                           
                                            ▐                                                                           
                                            ▐                                                                           
                                            ▐                                                                           
                                            ▐                                                                           
                                            ▐                                                                           
                                            ▐                                                                           
                                            ▐                                                                           
                                            ▐                                                                           
                                            ▐                                                                           
                                            ▐                                                                           
                                            ▐                                                                           
                                            ▐                                                                           
                                            ▐                                                                           
                                            ▐                                                                           
                                            ▐                                                                           
                                            ▐                                                                           
                                            ▐                                                                           
                                            ▐                                                                           
                                            ▐                                                                           
                                            ▐                                                                           
                                            ▐                                                                           
                                            ▐                                                                           
                                            ▐                                                                           
                                            ▐
