---
source: tui/tests/notebook_tree.rs
expression: text
snapshot_kind: text
---
 Note 'Sample Note' selected                                                                           [?] Show keymap 
[Browser]                                   ▐[Editor]                                                                   
 󰝰 Notes                                    ▐ 1 Welcome to Glues :D                                                     
   󰉋 Tmp                                    ▐                                                                           
   󱇗 Sample Note                            ▐                                                                           
                                            ▐                                                                           
                                            ▐                                                                           
                                            ▐                                                                           
                                            ▐                                                                           
                                            ▐                                                                           
                                            ▐                                                                           
                                            ▐                                                                           
                                            ▐                                                                           
                                            ▐                                                                           
                                            ▐                                                                           
                                            ▐                                                                           
                                            ▐                                                                           
                                            ▐                                                                           
                                            ▐                                                                           
                                            ▐                                                                           
                                            ▐                                                                           
                                            ▐                                                                           
                                            ▐                                                                           
                                            ▐                                                                           
                                            ▐                                                                           
                                            ▐                                                                           
                                            ▐                                                                           
                                            ▐                                                                           
                                            ▐                                                                           
                                            ▐                                                                           
                                            ▐                                                                           
                                            ▐                                                                           
                                            ▐                                                                           
                                            ▐                                                                           
                                            ▐                                                                           
                                            ▐                                                                           
                                            ▐                                                                           
                                            ▐                                                                           
                                            ▐                                                                           
                                            ▐
