---
source: tui/tests/notebook.rs
expression: text
snapshot_kind: text
---
 Note 'Sample Note' normal mode                                                                        [?] Show keymap 
[Browser]                                   ▐ 󱇗 Sample Note                                                             
 󰝰 Notes                                    ▐ 1 Hi :D                                                                   
   󱇗 Sample Note                            ▐                                                                           
                                            ▐                                                                           
                                            ▐                                                                           
                                            ▐                                                                           
                                            ▐                                                                           
                                            ▐                                                                           
                                            ▐                                                                           
                                            ▐                                                                           
                                            ▐                                                                           
                                            ▐                                                                           
                                            ▐                                                                           
                                            ▐                                                                           
                                            ▐                                                                           
                                            ▐                                                                           
                                            ▐                                                                           
                                            ▐                                                                           
                                            ▐                                                                           
                                            ▐                                                                           
                                            ▐                                                                           
                                            ▐                                                                           
                                            ▐                                                                           
                                            ▐                                                                           
                                            ▐                                                                           
                                            ▐                                                                           
                                            ▐                                                                           
                                            ▐                                                                           
                                            ▐                                                                           
                                            ▐                                                                           
                                            ▐                                                                           
                                            ▐                                                                           
                                            ▐                                                                           
                                            ▐                                                                           
                                            ▐                                                                           
                                            ▐                                                                           
                                            ▐                                                                           
                                            ▐                                                                           
                                            ▐ NORMAL   󰝰 Notes  󱇗 Sample Note 
