---
source: tui/tests/notebook_breadcrumb_failures.rs
assertion_line: 81
expression: text
snapshot_kind: text
---
 Directory actions dialog                                                                              [?] Show keymap 
[Browser]                                   ▐ 󱇗 Sample Note                                                             
 󰝰 Notes                                    ▐ 1 Hi :D                                                                   
   󱇗 Sample Note                            ▐                                                                           
                                            ▐                                                                           
                                            ▐                                                                           
                                            ▐                                                                           
                                            ▐                                                                           
                                            ▐                                                                           
                                            ▐                                                                           
                                            ▐                                                                           
                                            ▐                                                                           
                                            ▐                                                                           
                                            ▐                                                                           
                                            ▐                                                                           
                              ┌──────────────────────────Prompt───────────────────────────┐                             
                              │                                                           │                             
                              │  Enter directory name:                                    │                             
                              │  ┌─────────────────────────────────────────────────────┐  │                             
                              │  │                                                     │  │                             
                              │  └─────────────────────────────────────────────────────┘  │                             
                              │                                                           │                             
                              │  [Enter] Submit                                           │                             
                              │  [Esc] Cancel                                             │                             
                              │                                                           │                             
                              └───────────────────────────────────────────────────────────┘                             
                                            ▐                                                                           
                                            ▐                                                                           
                                            ▐                                                                           
                                            ▐                                                                           
                                            ▐                                                                           
                                            ▐                                                                           
                                            ▐                                                                           
                                            ▐                                                                           
                                            ▐                                                                           
                                            ▐                                                                           
                                            ▐                                                                           
                                            ▐                                                                           
                                            ▐                                                                           
                                            ▐          󰝰 Notes  󱇗 Sample Note 
