---
source: tui/tests/screenshot.rs
assertion_line: 55
expression: "format!(\"{}\", terminal.backend())"
snapshot_kind: text
---
" Note 'Hello' selected                                         [?] Show keymap "
"[Browser]                                   ▐[Editor]                           "
" 󰝰 Notes                                    ▐ 1 Welcome to Glues :D             "
"   󱇗 Sample Note                            ▐                                   "
"   󱇗 Hello                                  ▐                                   "
"                                            ▐                                   "
"                                            ▐                                   "
"                                            ▐                                   "
"                                            ▐                                   "
"                                            ▐                                   "
"                                            ▐                                   "
"                                            ▐                                   "
"                                            ▐                                   "
"                                            ▐                                   "
"                                            ▐                                   "
"                                            ▐                                   "
"                                            ▐                                   "
"                                            ▐                                   "
"                                            ▐                                   "
"                                            ▐                                   "
"                                            ▐                                   "
"                                            ▐                                   "
"                                            ▐                                   "
"                                            ▐                                   "
